0 -   (0 ns)
0 -   (0 ns)
1 -   (345 ns)
2 -   (355 ns)
3 -   (395 ns)
4 -   (405 ns)
5 -   (415 ns)
6 -   (425 ns)
7 -   (435 ns)
8 -   (445 ns)
9 -   (485 ns)
10 -   (495 ns)
11 -   (505 ns)
12 -   (515 ns)
13 -   (525 ns)
14 -   (535 ns)
15 -   (575 ns)
16 -   (585 ns)
17 -   (595 ns)
18 -   (605 ns)
19 -   (615 ns)
20 -   (625 ns)
21 -   (665 ns)
22 -   (675 ns)
23 -   (685 ns)
24 -   (695 ns)
25 -   (705 ns)
26 -   (715 ns)
27 -   (755 ns)
28 -   (765 ns)
29 -   (775 ns)
30 -   (785 ns)
31 -   (795 ns)
32 -   (805 ns)
33 -   (845 ns)
34 -   (855 ns)
35 -   (865 ns)
36 -   (875 ns)
37 -   (885 ns)
38 -   (895 ns)
39 -   (935 ns)
40 -   (945 ns)
41 -   (955 ns)
42 -   (965 ns)
43 -   (975 ns)
44 -   (985 ns)
45 -   (1025 ns)
46 -   (1035 ns)
47 -   (1045 ns)
48 -   (1055 ns)
49 -   (1065 ns)
50 -   (1075 ns)
51 -   (1115 ns)
52 -   (1125 ns)
53 -   (1135 ns)
54 -   (1145 ns)
55 -   (1155 ns)
56 -   (1165 ns)
57 -   (1205 ns)
58 -   (1215 ns)
59 -   (1225 ns)
60 -   (1235 ns)
61 -   (1245 ns)
62 -   (1255 ns)
63 -   (1295 ns)
64 -   (1305 ns)
65 -   (1315 ns)
66 -   (1325 ns)
67 -   (1335 ns)
68 -   (1345 ns)
69 -   (1385 ns)
70 -   (1395 ns)
71 -   (1405 ns)
72 -   (1415 ns)
73 -   (1425 ns)
74 -   (1435 ns)
75 -   (1475 ns)
76 -   (1485 ns)
77 -   (1495 ns)
78 -   (1505 ns)
79 -   (1515 ns)
80 -   (1525 ns)
81 -   (1565 ns)
82 -   (1575 ns)
83 -   (1585 ns)
84 -   (1595 ns)
85 -   (1605 ns)
86 -   (1615 ns)
87 -   (1655 ns)
88 -   (1665 ns)
89 -   (1675 ns)
90 -   (1685 ns)
91 -   (1695 ns)
92 -   (1705 ns)
93 -   (1745 ns)
94 -   (1755 ns)
95 -   (1765 ns)
96 -   (1775 ns)
97 -   (1785 ns)
98 -   (1795 ns)
99 -   (1835 ns)
100 -   (1845 ns)
101 -   (1855 ns)
102 -   (1865 ns)
103 -   (1875 ns)
104 -   (1885 ns)
105 -   (1925 ns)
106 -   (1935 ns)
107 -   (1945 ns)
108 -   (1955 ns)
109 -   (1965 ns)
110 -   (1975 ns)
111 -   (2015 ns)
112 -   (2025 ns)
113 -   (2035 ns)
114 -   (2045 ns)
115 -   (2055 ns)
116 -   (2065 ns)
117 -   (2105 ns)
118 -   (2115 ns)
119 -   (2125 ns)
120 -   (2135 ns)
121 -   (2145 ns)
122 -   (2155 ns)
123 -   (2195 ns)
124 -   (2205 ns)
125 -   (2215 ns)
126 -   (2225 ns)
127 -   (2235 ns)
128 -   (2245 ns)
129 -   (2285 ns)
130 -   (2295 ns)
131 -   (2305 ns)
132 -   (2315 ns)
133 -   (2325 ns)
134 -   (2335 ns)
135 -   (2375 ns)
136 -   (2385 ns)
137 -   (2395 ns)
138 -   (2405 ns)
139 -   (2415 ns)
140 -   (2425 ns)
141 -   (2465 ns)
142 -   (2475 ns)
143 -   (2485 ns)
144 -   (2495 ns)
145 -   (2505 ns)
146 -   (2515 ns)
147 -   (2555 ns)
148 -   (2565 ns)
149 -   (2575 ns)
150 -   (2585 ns)
151 -   (2595 ns)
152 -   (2605 ns)
153 -   (2645 ns)
154 -   (2655 ns)
155 -   (2665 ns)
156 -   (2675 ns)
157 -   (2685 ns)
158 -   (2695 ns)
159 -   (2735 ns)
160 -   (2745 ns)
161 -   (2755 ns)
162 -   (2765 ns)
163 -   (2775 ns)
164 -   (2785 ns)
165 -   (2825 ns)
166 -   (2835 ns)
167 -   (2845 ns)
168 -   (2855 ns)
169 -   (2865 ns)
170 -   (2875 ns)
171 -   (2915 ns)
172 -   (2925 ns)
173 -   (2935 ns)
174 -   (2945 ns)
175 -   (2955 ns)
176 -   (2965 ns)
177 -   (3005 ns)
178 -   (3015 ns)
179 -   (3025 ns)
180 -   (3035 ns)
181 -   (3045 ns)
182 -   (3055 ns)
183 -   (3095 ns)
184 -   (3105 ns)
185 -   (3115 ns)
186 -   (3125 ns)
187 -   (3135 ns)
188 -   (3145 ns)
189 -   (3185 ns)
190 -   (3195 ns)
191 -   (3205 ns)
192 -   (3215 ns)
193 -   (3225 ns)
194 -   (3235 ns)
195 -   (3275 ns)
196 -   (3285 ns)
197 -   (3295 ns)
198 -   (3305 ns)
199 -   (3315 ns)
200 -   (3325 ns)
201 -   (3365 ns)
202 -   (3375 ns)
203 -   (3385 ns)
204 -   (3395 ns)
205 -   (3405 ns)
206 -   (3415 ns)
207 -   (3455 ns)
208 -   (3465 ns)
209 -   (3475 ns)
210 -   (3485 ns)
211 -   (3495 ns)
212 -   (3505 ns)
213 -   (3545 ns)
214 -   (3555 ns)
215 -   (3565 ns)
216 -   (3575 ns)
217 -   (3585 ns)
218 -   (3595 ns)
219 -   (3635 ns)
220 -   (3645 ns)
221 -   (3655 ns)
222 -   (3665 ns)
223 -   (3675 ns)
224 -   (3685 ns)
225 -   (3725 ns)
226 -   (3735 ns)
227 -   (3745 ns)
228 -   (3755 ns)
229 -   (3765 ns)
230 -   (3775 ns)
231 -   (3815 ns)
232 -   (3825 ns)
233 -   (3835 ns)
234 -   (3845 ns)
235 -   (3855 ns)
236 -   (3865 ns)
237 -   (3905 ns)
238 -   (3915 ns)
239 -   (3925 ns)
240 -   (3935 ns)
241 -   (3945 ns)
242 -   (3955 ns)
243 -   (3995 ns)
244 -   (4005 ns)
245 -   (4015 ns)
246 -   (4025 ns)
247 -   (4035 ns)
248 -   (4045 ns)
249 -   (4085 ns)
250 -   (4095 ns)
251 -   (4105 ns)
252 -   (4115 ns)
253 -   (4125 ns)
254 -   (4135 ns)
255 -   (4175 ns)
0 -   (4185 ns)
1 -   (4195 ns)
2 -   (4205 ns)
3 -   (4215 ns)
4 -   (4225 ns)
5 -   (4265 ns)
6 -   (4275 ns)
7 -   (4285 ns)
8 -   (4295 ns)
9 -   (4305 ns)
10 -   (4315 ns)
11 -   (4355 ns)
12 -   (4365 ns)
13 -   (4375 ns)
14 -   (4385 ns)
15 -   (4395 ns)
16 -   (4405 ns)
17 -   (4445 ns)
18 -   (4455 ns)
19 -   (4465 ns)
20 -   (4475 ns)
21 -   (4485 ns)
22 -   (4495 ns)
23 -   (4535 ns)
24 -   (4545 ns)
25 -   (4555 ns)
26 -   (4565 ns)
27 -   (4575 ns)
28 -   (4585 ns)
29 -   (4625 ns)
30 -   (4635 ns)
31 -   (4645 ns)
32 -   (4655 ns)
33 -   (4665 ns)
34 -   (4675 ns)
35 -   (4715 ns)
36 -   (4725 ns)
37 -   (4735 ns)
38 -   (4745 ns)
39 -   (4755 ns)
40 -   (4765 ns)
41 -   (4805 ns)
42 -   (4815 ns)
43 -   (4825 ns)
44 -   (4835 ns)
45 -   (4845 ns)
46 -   (4855 ns)
47 -   (4895 ns)
48 -   (4905 ns)
49 -   (4915 ns)
50 -   (4925 ns)
51 -   (4935 ns)
52 -   (4945 ns)
53 -   (4985 ns)
54 -   (4995 ns)
55 -   (5005 ns)
56 -   (5015 ns)
57 -   (5025 ns)
58 -   (5035 ns)
59 -   (5075 ns)
60 -   (5085 ns)
61 -   (5095 ns)
62 -   (5105 ns)
63 -   (5115 ns)
64 -   (5125 ns)
65 -   (5165 ns)
66 -   (5175 ns)
67 -   (5185 ns)
68 -   (5195 ns)
69 -   (5205 ns)
70 -   (5215 ns)
71 -   (5255 ns)
72 -   (5265 ns)
73 -   (5275 ns)
74 -   (5285 ns)
75 -   (5295 ns)
76 -   (5305 ns)
77 -   (5345 ns)
78 -   (5355 ns)
79 -   (5365 ns)
80 -   (5375 ns)
81 -   (5385 ns)
82 -   (5395 ns)
83 -   (5435 ns)
84 -   (5445 ns)
85 -   (5455 ns)
86 -   (5465 ns)
87 -   (5475 ns)
88 -   (5485 ns)
89 -   (5525 ns)
90 -   (5535 ns)
91 -   (5545 ns)
92 -   (5555 ns)
93 -   (5565 ns)
94 -   (5575 ns)
95 -   (5615 ns)
96 -   (5625 ns)
97 -   (5635 ns)
98 -   (5645 ns)
99 -   (5655 ns)
100 -   (5665 ns)
101 -   (5705 ns)
102 -   (5715 ns)
103 -   (5725 ns)
104 -   (5735 ns)
105 -   (5745 ns)
106 -   (5755 ns)
107 -   (5795 ns)
108 -   (5805 ns)
109 -   (5815 ns)
110 -   (5825 ns)
111 -   (5835 ns)
112 -   (5845 ns)
113 -   (5885 ns)
114 -   (5895 ns)
115 -   (5905 ns)
116 -   (5915 ns)
117 -   (5925 ns)
118 -   (5935 ns)
119 -   (5975 ns)
120 -   (5985 ns)
121 -   (5995 ns)
122 -   (6005 ns)
123 -   (6015 ns)
124 -   (6025 ns)
125 -   (6065 ns)
126 -   (6075 ns)
127 -   (6085 ns)
128 -   (6095 ns)
129 -   (6105 ns)
130 -   (6115 ns)
131 -   (6155 ns)
132 -   (6165 ns)
133 -   (6175 ns)
134 -   (6185 ns)
135 -   (6195 ns)
136 -   (6205 ns)
137 -   (6245 ns)
138 -   (6255 ns)
139 -   (6265 ns)
140 -   (6275 ns)
141 -   (6285 ns)
142 -   (6295 ns)
143 -   (6335 ns)
144 -   (6345 ns)
145 -   (6355 ns)
146 -   (6365 ns)
147 -   (6375 ns)
148 -   (6385 ns)
149 -   (6425 ns)
150 -   (6435 ns)
151 -   (6445 ns)
152 -   (6455 ns)
153 -   (6465 ns)
154 -   (6475 ns)
155 -   (6515 ns)
156 -   (6525 ns)
157 -   (6535 ns)
158 -   (6545 ns)
159 -   (6555 ns)
160 -   (6565 ns)
161 -   (6605 ns)
162 -   (6615 ns)
163 -   (6625 ns)
164 -   (6635 ns)
165 -   (6645 ns)
166 -   (6655 ns)
167 -   (6695 ns)
168 -   (6705 ns)
169 -   (6715 ns)
170 -   (6725 ns)
171 -   (6735 ns)
172 -   (6745 ns)
173 -   (6785 ns)
174 -   (6795 ns)
175 -   (6805 ns)
176 -   (6815 ns)
177 -   (6825 ns)
178 -   (6835 ns)
179 -   (6875 ns)
180 -   (6885 ns)
181 -   (6895 ns)
182 -   (6905 ns)
183 -   (6915 ns)
184 -   (6925 ns)
185 -   (6965 ns)
186 -   (6975 ns)
187 -   (6985 ns)
188 -   (6995 ns)
189 -   (7005 ns)
190 -   (7015 ns)
191 -   (7055 ns)
192 -   (7065 ns)
193 -   (7075 ns)
194 -   (7085 ns)
195 -   (7095 ns)
196 -   (7105 ns)
197 -   (7145 ns)
198 -   (7155 ns)
199 -   (7165 ns)
200 -   (7175 ns)
201 -   (7185 ns)
202 -   (7195 ns)
203 -   (7235 ns)
204 -   (7245 ns)
205 -   (7255 ns)
206 -   (7265 ns)
207 -   (7275 ns)
208 -   (7285 ns)
209 -   (7325 ns)
210 -   (7335 ns)
211 -   (7345 ns)
212 -   (7355 ns)
213 -   (7365 ns)
214 -   (7375 ns)
215 -   (7415 ns)
216 -   (7425 ns)
217 -   (7435 ns)
218 -   (7445 ns)
219 -   (7455 ns)
220 -   (7465 ns)
